*** 定数 ***

*** BSSセグメント ***

*** ヘッダ ***
magic = 0107
text  = 0040
data  = 0000
bss   = 0000
syms  = 0018
entry = 0000
trsize= 0010
drsize= 0000

*** TEXTセグメント ***
0000          	__mul32                     ; int[] _mul32(int[] dst, int src)
0000 c030     	        push    g3
0002 090d 0004	        ld      g0,4,sp     ; ディスティネーション(アドレス)
0006 0910 0002	        ld      g1,2,g0     ; ディスティネーション下位ワード(B)
000a 0d20     	        ld      g2,#0       ; (g1,g2) <= (B,0)
000c 0a30 0010	        ld      g3,#16      ; カウンタ
0010 0d00     	.A1     ld      g0,#0       ; g0をとりあえず0にする
0012 8d11     	        shll    g1,#1       ; g1 <<= 1
0014 a090 001c	        jnc     .A2         ; g1の最上位が1だったなら
0018 090d 0006	        ld      g0,6,sp     ;  g0にソースをロード
001c 8d21     	.A2     shll    g2,#1       ; g2 <<= 1
001e a090 0024	        jnc     .A3         ; キャリーがあったら
0022 1d11     	        add     g1,#1       ;  g1 += 1
0024 1c20     	.A3     add     g2,g0       ; g2 += g0
0026 a090 002c	        jnc     .A4         ; キャリーがあったら
002a 1d11     	        add     g1,#1       ;  g1 += 1
002c 2531     	.A4     sub     g3,#1       ; 16回繰り返したか
002e a080 0010	        jnz     .A1
0032 090d 0004	        ld      g0,4,sp     ; ディスティネーション(アドレス)
0036 1610     	        st      g1,0,g0     ; ディスティネーション上位ワード
0038 1120 0002	        st      g2,2,g0     ; ディスティネーション下位ワード
003c c430     	        pop     g3
003e d000     	        ret

*** DATAセグメント ***

*** 再配置表 ***
TR領域
Addr	Name	Type	No.
0016	.A2	TEXT	  3
0020	.A3	TEXT	  4
0028	.A4	TEXT	  5
0030	.A1	TEXT	  2

DR領域
Addr	Name	Type	No.

*** 名前表 ***
No.	Name	Type	Value	Offset
0	@__mul32.s	TEXT	0000	0000
1	__mul32	TEXT	0000	000b
2	.A1	TEXT	0010	0013
3	.A2	TEXT	001c	0017
4	.A3	TEXT	0024	001b
5	.A4	TEXT	002c	001f

*** 文字列表 ***
Offset	String
0000	@__mul32.s
000b	__mul32
0013	.A1
0017	.A2
001b	.A3
001f	.A4
