*** 定数 ***

*** BSSセグメント ***

*** ヘッダ ***
magic = 0107
text  = 0022
data  = 0000
bss   = 0000
syms  = 000c
entry = 0000
trsize= 0004
drsize= 0000

*** TEXTセグメント ***
0000          	__sub32                     ; int[] _sub32(int[] dst, int[] src);
0000 090d 0002	        ld      g0,2,sp     ; ディスティネーション(アドレス)
0004 091d 0004	        ld      g1,4,sp     ; ソース(アドレス)
0008 0920 0002	        ld      g2,2,g0     ; ディスティネーション下位ワード
000c 2121 0002	        sub     g2,2,g1     ; ソース下位ワード
0010 1120 0002	        st      g2,2,g0     ; ディスティネーション下位ワード
0014 0e20     	        ld      g2,0,g0     ; ディスティネーション上位ワード
0016 a090 001c	        jnc     .L3
001a 2521     	        sub     g2,#1       ; ボローがあった場合は -1 する
001c          	.L3
001c 2621     	        sub     g2,0,g1     ; ソース上位ワード
001e 1620     	        st      g2,0,g0     ; ディスティネーション上位ワード
0020 d000     	        ret

*** DATAセグメント ***

*** 再配置表 ***
TR領域
Addr	Name	Type	No.
0018	.L3	TEXT	  2

DR領域
Addr	Name	Type	No.

*** 名前表 ***
No.	Name	Type	Value	Offset
0	@__sub32.s	TEXT	0000	0000
1	__sub32	TEXT	0000	000b
2	.L3	TEXT	001c	0013

*** 文字列表 ***
Offset	String
0000	@__sub32.s
000b	__sub32
0013	.L3
